
> nfc-platform@0.2.0 build
> prisma generate && next build

node.exe : Loaded Prisma config from prisma.config.ts.
At line:1 char:1
+ & "C:\Program Files\nodejs/node.exe" "C:\Program Files\nodejs/node_mo .
..
+ ~~~~~~~~~~~~~~~~~~~~~~~~~~~~~~~~~~~~~~~~~~~~~~~~~~~~~~~~~~~~~~~~~~~~~
    + CategoryInfo          : NotSpecified: (Loaded Prisma c...isma.conf 
   ig.ts.:String) [], RemoteException
    + FullyQualifiedErrorId : NativeCommandError
 

Prisma config detected, skipping environment variable loading.
Prisma schema loaded from prisma\schema.prisma

Ô£ö Generated Prisma Client (v6.19.1) to .\node_modules\@prisma\client in 100ms

Start by importing your Prisma Client (See: https://pris.ly/d/importing-client)

Tip: Interested in query caching in just a few lines of code? Try Accelerate today! https://pris.ly/tip-3-accelerate

   Ôû▓ Next.js 16.0.7 (Turbopack)
   - Environments: .env

 ÔÜá The "middleware" file convention is deprecated. Please use "proxy" i
nstead. Learn more: https://nextjs.org/docs/messages/middleware-to-proxy
   Creating an optimized production build ...
 Ô£ô Compiled successfully in 1884.3ms
   Running TypeScript ...
Failed to compile.

./app/gift/components/GiftReveal.tsx:176:26
Type error: Property 'initialIsFollowing' is missing in type '{ tagId: st
ring; }' but required in type 'FollowButtonProps'.

[0m [90m 174 |[39m                 {tagId [33m&&[39m (
 [90m 175 |[39m                     [33m<[39m[33mdiv[39m style[33m
=[39m{{ marginTop[33m:[39m [32m'1.5rem'[39m[33m,[39m display[33m:
[39m [32m'flex'[39m[33m,[39m justifyContent[33m:[39m [32m'center'
[39m }}[33m>[39m
[31m[1m>[22m[39m[90m 176 |[39m                         [33m<[39m
[33mFollowButton[39m tagId[33m=[39m{tagId} [33m/[39m[33m>[39m
 [90m     |[39m                          [31m[1m^[22m[39m
 [90m 177 |[39m                     [33m<[39m[33m/[39m[33mdiv[39m
[33m>[39m
 [90m 178 |[39m                 )}
 [90m 179 |[39m             [33m<[39m[33m/[39m[33mdiv[39m[33m>[
39m[0m
Next.js build worker exited with code: 1 and signal: null
