lib/auth-middleware.ts(20,3): error TS2322: Type 'Session' is not assignable to type 'NextMiddleware'.
  Type 'Session' provides no match for the signature '(request: NextRequest, event: NextFetchEvent): NextMiddlewareResult | Promise<NextMiddlewareResult>'.
